  Determining projects to restore...
D:\study\google-antigravity\elasticsearch-query-lucene\src\ElasticsearchQueryLucene.Core\ElasticsearchQueryLucene.Core.csproj : warning NU1510: PackageReference System.Text.Json will not be pruned. Consider removing this package from your dependencies, as it is likely unnecessary. [D:\study\google-antigravity\elasticsearch-query-lucene\src\ElasticsearchQueryLucene.EntityFrameworkCore\ElasticsearchQueryLucene.EntityFrameworkCore.csproj]
  All projects are up-to-date for restore.
D:\study\google-antigravity\elasticsearch-query-lucene\src\ElasticsearchQueryLucene.Core\ElasticsearchQueryLucene.Core.csproj : warning NU1510: PackageReference System.Text.Json will not be pruned. Consider removing this package from your dependencies, as it is likely unnecessary.
  ElasticsearchQueryLucene.Core -> D:\study\google-antigravity\elasticsearch-query-lucene\src\ElasticsearchQueryLucene.Core\bin\Debug\net10.0\ElasticsearchQueryLucene.Core.dll
D:\study\google-antigravity\elasticsearch-query-lucene\src\ElasticsearchQueryLucene.Core\ElasticsearchQueryLucene.Core.csproj : warning NU1510: PackageReference System.Text.Json will not be pruned. Consider removing this package from your dependencies, as it is likely unnecessary.
D:\study\google-antigravity\elasticsearch-query-lucene\src\ElasticsearchQueryLucene.EntityFrameworkCore\Query\LuceneQueryableMethodTranslatingExpressionVisitor.cs(94,47): warning CS8764: Nullability of return type doesn't match overridden member (possibly because of nullability attributes). [D:\study\google-antigravity\elasticsearch-query-lucene\src\ElasticsearchQueryLucene.EntityFrameworkCore\ElasticsearchQueryLucene.EntityFrameworkCore.csproj]
D:\study\google-antigravity\elasticsearch-query-lucene\src\ElasticsearchQueryLucene.EntityFrameworkCore\Query\LuceneQueryableMethodTranslatingExpressionVisitor.cs(110,47): warning CS8765: Nullability of type of parameter 'selector' doesn't match overridden member (possibly because of nullability attributes). [D:\study\google-antigravity\elasticsearch-query-lucene\src\ElasticsearchQueryLucene.EntityFrameworkCore\ElasticsearchQueryLucene.EntityFrameworkCore.csproj]
D:\study\google-antigravity\elasticsearch-query-lucene\src\ElasticsearchQueryLucene.EntityFrameworkCore\Query\LuceneQueryableMethodTranslatingExpressionVisitor.cs(126,47): warning CS8765: Nullability of type of parameter 'selector' doesn't match overridden member (possibly because of nullability attributes). [D:\study\google-antigravity\elasticsearch-query-lucene\src\ElasticsearchQueryLucene.EntityFrameworkCore\ElasticsearchQueryLucene.EntityFrameworkCore.csproj]
D:\study\google-antigravity\elasticsearch-query-lucene\src\ElasticsearchQueryLucene.EntityFrameworkCore\Query\LuceneQueryableMethodTranslatingExpressionVisitor.cs(127,47): warning CS8765: Nullability of type of parameter 'selector' doesn't match overridden member (possibly because of nullability attributes). [D:\study\google-antigravity\elasticsearch-query-lucene\src\ElasticsearchQueryLucene.EntityFrameworkCore\ElasticsearchQueryLucene.EntityFrameworkCore.csproj]
D:\study\google-antigravity\elasticsearch-query-lucene\src\ElasticsearchQueryLucene.EntityFrameworkCore\Query\LuceneQueryableMethodTranslatingExpressionVisitor.cs(175,47): warning CS8765: Nullability of type of parameter 'selector' doesn't match overridden member (possibly because of nullability attributes). [D:\study\google-antigravity\elasticsearch-query-lucene\src\ElasticsearchQueryLucene.EntityFrameworkCore\ElasticsearchQueryLucene.EntityFrameworkCore.csproj]
D:\study\google-antigravity\elasticsearch-query-lucene\src\ElasticsearchQueryLucene.EntityFrameworkCore\Storage\LuceneTypeMappingSource.cs(21,20): error CS0144: Cannot create an instance of the abstract type or interface 'CoreTypeMapping' [D:\study\google-antigravity\elasticsearch-query-lucene\src\ElasticsearchQueryLucene.EntityFrameworkCore\ElasticsearchQueryLucene.EntityFrameworkCore.csproj]
D:\study\google-antigravity\elasticsearch-query-lucene\src\ElasticsearchQueryLucene.EntityFrameworkCore\Storage\LuceneTypeMappingSource.cs(24,20): error CS0144: Cannot create an instance of the abstract type or interface 'CoreTypeMapping' [D:\study\google-antigravity\elasticsearch-query-lucene\src\ElasticsearchQueryLucene.EntityFrameworkCore\ElasticsearchQueryLucene.EntityFrameworkCore.csproj]
D:\study\google-antigravity\elasticsearch-query-lucene\src\ElasticsearchQueryLucene.EntityFrameworkCore\Storage\LuceneTypeMappingSource.cs(27,20): error CS0144: Cannot create an instance of the abstract type or interface 'CoreTypeMapping' [D:\study\google-antigravity\elasticsearch-query-lucene\src\ElasticsearchQueryLucene.EntityFrameworkCore\ElasticsearchQueryLucene.EntityFrameworkCore.csproj]
D:\study\google-antigravity\elasticsearch-query-lucene\src\ElasticsearchQueryLucene.EntityFrameworkCore\Storage\LuceneTypeMappingSource.cs(30,20): error CS0144: Cannot create an instance of the abstract type or interface 'CoreTypeMapping' [D:\study\google-antigravity\elasticsearch-query-lucene\src\ElasticsearchQueryLucene.EntityFrameworkCore\ElasticsearchQueryLucene.EntityFrameworkCore.csproj]
D:\study\google-antigravity\elasticsearch-query-lucene\src\ElasticsearchQueryLucene.EntityFrameworkCore\Storage\LuceneTypeMappingSource.cs(33,20): error CS0144: Cannot create an instance of the abstract type or interface 'CoreTypeMapping' [D:\study\google-antigravity\elasticsearch-query-lucene\src\ElasticsearchQueryLucene.EntityFrameworkCore\ElasticsearchQueryLucene.EntityFrameworkCore.csproj]
D:\study\google-antigravity\elasticsearch-query-lucene\src\ElasticsearchQueryLucene.EntityFrameworkCore\Storage\LuceneTypeMappingSource.cs(36,20): error CS0144: Cannot create an instance of the abstract type or interface 'CoreTypeMapping' [D:\study\google-antigravity\elasticsearch-query-lucene\src\ElasticsearchQueryLucene.EntityFrameworkCore\ElasticsearchQueryLucene.EntityFrameworkCore.csproj]
D:\study\google-antigravity\elasticsearch-query-lucene\src\ElasticsearchQueryLucene.EntityFrameworkCore\Storage\LuceneTypeMappingSource.cs(39,20): error CS0144: Cannot create an instance of the abstract type or interface 'CoreTypeMapping' [D:\study\google-antigravity\elasticsearch-query-lucene\src\ElasticsearchQueryLucene.EntityFrameworkCore\ElasticsearchQueryLucene.EntityFrameworkCore.csproj]
D:\study\google-antigravity\elasticsearch-query-lucene\src\ElasticsearchQueryLucene.EntityFrameworkCore\Storage\LuceneTypeMappingSource.cs(42,20): error CS0144: Cannot create an instance of the abstract type or interface 'CoreTypeMapping' [D:\study\google-antigravity\elasticsearch-query-lucene\src\ElasticsearchQueryLucene.EntityFrameworkCore\ElasticsearchQueryLucene.EntityFrameworkCore.csproj]
D:\study\google-antigravity\elasticsearch-query-lucene\src\ElasticsearchQueryLucene.EntityFrameworkCore\Storage\LuceneTypeMappingSource.cs(17,20): warning CS8603: Possible null reference return. [D:\study\google-antigravity\elasticsearch-query-lucene\src\ElasticsearchQueryLucene.EntityFrameworkCore\ElasticsearchQueryLucene.EntityFrameworkCore.csproj]
D:\study\google-antigravity\elasticsearch-query-lucene\src\ElasticsearchQueryLucene.EntityFrameworkCore\Storage\LuceneTypeMappingSource.cs(44,16): warning CS8603: Possible null reference return. [D:\study\google-antigravity\elasticsearch-query-lucene\src\ElasticsearchQueryLucene.EntityFrameworkCore\ElasticsearchQueryLucene.EntityFrameworkCore.csproj]

Build FAILED.

D:\study\google-antigravity\elasticsearch-query-lucene\src\ElasticsearchQueryLucene.Core\ElasticsearchQueryLucene.Core.csproj : warning NU1510: PackageReference System.Text.Json will not be pruned. Consider removing this package from your dependencies, as it is likely unnecessary. [D:\study\google-antigravity\elasticsearch-query-lucene\src\ElasticsearchQueryLucene.EntityFrameworkCore\ElasticsearchQueryLucene.EntityFrameworkCore.csproj]
D:\study\google-antigravity\elasticsearch-query-lucene\src\ElasticsearchQueryLucene.Core\ElasticsearchQueryLucene.Core.csproj : warning NU1510: PackageReference System.Text.Json will not be pruned. Consider removing this package from your dependencies, as it is likely unnecessary.
D:\study\google-antigravity\elasticsearch-query-lucene\src\ElasticsearchQueryLucene.Core\ElasticsearchQueryLucene.Core.csproj : warning NU1510: PackageReference System.Text.Json will not be pruned. Consider removing this package from your dependencies, as it is likely unnecessary.
D:\study\google-antigravity\elasticsearch-query-lucene\src\ElasticsearchQueryLucene.EntityFrameworkCore\Query\LuceneQueryableMethodTranslatingExpressionVisitor.cs(94,47): warning CS8764: Nullability of return type doesn't match overridden member (possibly because of nullability attributes). [D:\study\google-antigravity\elasticsearch-query-lucene\src\ElasticsearchQueryLucene.EntityFrameworkCore\ElasticsearchQueryLucene.EntityFrameworkCore.csproj]
D:\study\google-antigravity\elasticsearch-query-lucene\src\ElasticsearchQueryLucene.EntityFrameworkCore\Query\LuceneQueryableMethodTranslatingExpressionVisitor.cs(110,47): warning CS8765: Nullability of type of parameter 'selector' doesn't match overridden member (possibly because of nullability attributes). [D:\study\google-antigravity\elasticsearch-query-lucene\src\ElasticsearchQueryLucene.EntityFrameworkCore\ElasticsearchQueryLucene.EntityFrameworkCore.csproj]
D:\study\google-antigravity\elasticsearch-query-lucene\src\ElasticsearchQueryLucene.EntityFrameworkCore\Query\LuceneQueryableMethodTranslatingExpressionVisitor.cs(126,47): warning CS8765: Nullability of type of parameter 'selector' doesn't match overridden member (possibly because of nullability attributes). [D:\study\google-antigravity\elasticsearch-query-lucene\src\ElasticsearchQueryLucene.EntityFrameworkCore\ElasticsearchQueryLucene.EntityFrameworkCore.csproj]
D:\study\google-antigravity\elasticsearch-query-lucene\src\ElasticsearchQueryLucene.EntityFrameworkCore\Query\LuceneQueryableMethodTranslatingExpressionVisitor.cs(127,47): warning CS8765: Nullability of type of parameter 'selector' doesn't match overridden member (possibly because of nullability attributes). [D:\study\google-antigravity\elasticsearch-query-lucene\src\ElasticsearchQueryLucene.EntityFrameworkCore\ElasticsearchQueryLucene.EntityFrameworkCore.csproj]
D:\study\google-antigravity\elasticsearch-query-lucene\src\ElasticsearchQueryLucene.EntityFrameworkCore\Query\LuceneQueryableMethodTranslatingExpressionVisitor.cs(175,47): warning CS8765: Nullability of type of parameter 'selector' doesn't match overridden member (possibly because of nullability attributes). [D:\study\google-antigravity\elasticsearch-query-lucene\src\ElasticsearchQueryLucene.EntityFrameworkCore\ElasticsearchQueryLucene.EntityFrameworkCore.csproj]
D:\study\google-antigravity\elasticsearch-query-lucene\src\ElasticsearchQueryLucene.EntityFrameworkCore\Storage\LuceneTypeMappingSource.cs(17,20): warning CS8603: Possible null reference return. [D:\study\google-antigravity\elasticsearch-query-lucene\src\ElasticsearchQueryLucene.EntityFrameworkCore\ElasticsearchQueryLucene.EntityFrameworkCore.csproj]
D:\study\google-antigravity\elasticsearch-query-lucene\src\ElasticsearchQueryLucene.EntityFrameworkCore\Storage\LuceneTypeMappingSource.cs(44,16): warning CS8603: Possible null reference return. [D:\study\google-antigravity\elasticsearch-query-lucene\src\ElasticsearchQueryLucene.EntityFrameworkCore\ElasticsearchQueryLucene.EntityFrameworkCore.csproj]
D:\study\google-antigravity\elasticsearch-query-lucene\src\ElasticsearchQueryLucene.EntityFrameworkCore\Storage\LuceneTypeMappingSource.cs(21,20): error CS0144: Cannot create an instance of the abstract type or interface 'CoreTypeMapping' [D:\study\google-antigravity\elasticsearch-query-lucene\src\ElasticsearchQueryLucene.EntityFrameworkCore\ElasticsearchQueryLucene.EntityFrameworkCore.csproj]
D:\study\google-antigravity\elasticsearch-query-lucene\src\ElasticsearchQueryLucene.EntityFrameworkCore\Storage\LuceneTypeMappingSource.cs(24,20): error CS0144: Cannot create an instance of the abstract type or interface 'CoreTypeMapping' [D:\study\google-antigravity\elasticsearch-query-lucene\src\ElasticsearchQueryLucene.EntityFrameworkCore\ElasticsearchQueryLucene.EntityFrameworkCore.csproj]
D:\study\google-antigravity\elasticsearch-query-lucene\src\ElasticsearchQueryLucene.EntityFrameworkCore\Storage\LuceneTypeMappingSource.cs(27,20): error CS0144: Cannot create an instance of the abstract type or interface 'CoreTypeMapping' [D:\study\google-antigravity\elasticsearch-query-lucene\src\ElasticsearchQueryLucene.EntityFrameworkCore\ElasticsearchQueryLucene.EntityFrameworkCore.csproj]
D:\study\google-antigravity\elasticsearch-query-lucene\src\ElasticsearchQueryLucene.EntityFrameworkCore\Storage\LuceneTypeMappingSource.cs(30,20): error CS0144: Cannot create an instance of the abstract type or interface 'CoreTypeMapping' [D:\study\google-antigravity\elasticsearch-query-lucene\src\ElasticsearchQueryLucene.EntityFrameworkCore\ElasticsearchQueryLucene.EntityFrameworkCore.csproj]
D:\study\google-antigravity\elasticsearch-query-lucene\src\ElasticsearchQueryLucene.EntityFrameworkCore\Storage\LuceneTypeMappingSource.cs(33,20): error CS0144: Cannot create an instance of the abstract type or interface 'CoreTypeMapping' [D:\study\google-antigravity\elasticsearch-query-lucene\src\ElasticsearchQueryLucene.EntityFrameworkCore\ElasticsearchQueryLucene.EntityFrameworkCore.csproj]
D:\study\google-antigravity\elasticsearch-query-lucene\src\ElasticsearchQueryLucene.EntityFrameworkCore\Storage\LuceneTypeMappingSource.cs(36,20): error CS0144: Cannot create an instance of the abstract type or interface 'CoreTypeMapping' [D:\study\google-antigravity\elasticsearch-query-lucene\src\ElasticsearchQueryLucene.EntityFrameworkCore\ElasticsearchQueryLucene.EntityFrameworkCore.csproj]
D:\study\google-antigravity\elasticsearch-query-lucene\src\ElasticsearchQueryLucene.EntityFrameworkCore\Storage\LuceneTypeMappingSource.cs(39,20): error CS0144: Cannot create an instance of the abstract type or interface 'CoreTypeMapping' [D:\study\google-antigravity\elasticsearch-query-lucene\src\ElasticsearchQueryLucene.EntityFrameworkCore\ElasticsearchQueryLucene.EntityFrameworkCore.csproj]
D:\study\google-antigravity\elasticsearch-query-lucene\src\ElasticsearchQueryLucene.EntityFrameworkCore\Storage\LuceneTypeMappingSource.cs(42,20): error CS0144: Cannot create an instance of the abstract type or interface 'CoreTypeMapping' [D:\study\google-antigravity\elasticsearch-query-lucene\src\ElasticsearchQueryLucene.EntityFrameworkCore\ElasticsearchQueryLucene.EntityFrameworkCore.csproj]
    10 Warning(s)
    8 Error(s)

Time Elapsed 00:00:01.22
