  Determining projects to restore...
D:\study\google-antigravity\elasticsearch-query-lucene\src\ElasticsearchQueryLucene.Core\ElasticsearchQueryLucene.Core.csproj : warning NU1510: PackageReference System.Text.Json will not be pruned. Consider removing this package from your dependencies, as it is likely unnecessary. [D:\study\google-antigravity\elasticsearch-query-lucene\test\ElasticsearchQueryLucene.Tests\ElasticsearchQueryLucene.Tests.csproj]
  All projects are up-to-date for restore.
D:\study\google-antigravity\elasticsearch-query-lucene\src\ElasticsearchQueryLucene.Core\ElasticsearchQueryLucene.Core.csproj : warning NU1510: PackageReference System.Text.Json will not be pruned. Consider removing this package from your dependencies, as it is likely unnecessary.
  ElasticsearchQueryLucene.Core -> D:\study\google-antigravity\elasticsearch-query-lucene\src\ElasticsearchQueryLucene.Core\bin\Debug\net10.0\ElasticsearchQueryLucene.Core.dll
  ElasticsearchQueryLucene.Tests -> D:\study\google-antigravity\elasticsearch-query-lucene\test\ElasticsearchQueryLucene.Tests\bin\Debug\net10.0\ElasticsearchQueryLucene.Tests.dll
Test run for D:\study\google-antigravity\elasticsearch-query-lucene\test\ElasticsearchQueryLucene.Tests\bin\Debug\net10.0\ElasticsearchQueryLucene.Tests.dll (.NETCoreApp,Version=v10.0)
VSTest version 18.0.1 (x64)

Starting test execution, please wait...
A total of 1 test files matched the specified pattern.
  Failed ElasticsearchQueryLucene.Tests.QueryConversionTests.AdvancedExample_ShouldConvert [9 ms]
  Error Message:
   Assert.Contains() Failure: Sub-string not found
String:    "+(category:smartphone) -(condition:used) "┬╖┬╖┬╖
Not found: "+category:smartphone"
  Stack Trace:
     at ElasticsearchQueryLucene.Tests.QueryConversionTests.AdvancedExample_ShouldConvert() in D:\study\google-antigravity\elasticsearch-query-lucene\test\ElasticsearchQueryLucene.Tests\QueryConversionTests.cs:line 107
   at System.Reflection.MethodBaseInvoker.InterpretedInvoke_Method(Object obj, IntPtr* args)
   at System.Reflection.MethodBaseInvoker.InvokeWithNoArgs(Object obj, BindingFlags invokeAttr)

Failed!  - Failed:     1, Passed:     0, Skipped:     0, Total:     1, Duration: 20 ms - ElasticsearchQueryLucene.Tests.dll (net10.0)
